2026-10-05 16:47:51,886 INFO o.a.j.u.JMeterUtils: Setting Locale to en_EN
2026-10-05 16:47:51,899 INFO o.a.j.JMeter: Loading user properties from: /opt/homebrew/Cellar/jmeter/5.6.3/libexec/bin/user.properties
2026-10-05 16:47:51,900 INFO o.a.j.JMeter: Loading system properties from: /opt/homebrew/Cellar/jmeter/5.6.3/libexec/bin/system.properties
2026-10-05 16:47:51,900 INFO o.a.j.JMeter: Setting JMeter property: host=localhost
2026-10-05 16:47:51,900 INFO o.a.j.JMeter: Setting JMeter property: port=5012
2026-10-05 16:47:51,900 INFO o.a.j.JMeter: Setting JMeter property: users=10
2026-10-05 16:47:51,900 INFO o.a.j.JMeter: Setting JMeter property: ramp=5
2026-10-05 16:47:51,900 INFO o.a.j.JMeter: Setting JMeter property: duration=12
2026-10-05 16:47:51,906 INFO o.a.j.JMeter: Copyright (c) 1998-2024 The Apache Software Foundation
2026-10-05 16:47:51,906 INFO o.a.j.JMeter: Version 5.6.3
2026-10-05 16:47:51,906 INFO o.a.j.JMeter: java.version=21.0.12.1
2026-10-05 16:47:51,906 INFO o.a.j.JMeter: java.vm.name=OpenJDK 64-Bit Server VM
2026-10-05 16:47:51,907 INFO o.a.j.JMeter: os.name=Mac OS X
2026-10-05 16:47:51,907 INFO o.a.j.JMeter: os.arch=aarch64
2026-10-05 16:47:51,907 INFO o.a.j.JMeter: os.version=15.6.1
2026-10-05 16:47:51,907 INFO o.a.j.JMeter: file.encoding=UTF-8
2026-10-05 16:47:51,907 INFO o.a.j.JMeter: java.awt.headless=true
2026-10-05 16:47:51,907 INFO o.a.j.JMeter: Max memory     =1073741824
2026-10-05 16:47:51,907 INFO o.a.j.JMeter: Available Processors =8
2026-10-05 16:47:51,913 INFO o.a.j.JMeter: Default Locale=English (EN)
2026-10-05 16:47:51,914 INFO o.a.j.JMeter: JMeter  Locale=English (EN)
2026-10-05 16:47:51,914 INFO o.a.j.JMeter: JMeterHome=/opt/homebrew/Cellar/jmeter/5.6.3/libexec
2026-10-05 16:47:51,914 INFO o.a.j.JMeter: user.dir  =/Users/florina/code/qa_engineer
2026-10-05 16:47:51,914 INFO o.a.j.JMeter: PWD       =/Users/florina/code/qa_engineer
2026-10-05 16:47:51,915 INFO o.a.j.JMeter: IP: 127.0.0.1 Name: Florinas-MacBook-Pro-2.local FullName: localhost
2026-10-05 16:47:51,930 INFO o.a.j.JMeter: Setting property 'jmeter.reportgenerator.outputdir' to:'/Users/florina/code/qa_engineer/reports/perf-html'
2026-10-05 16:47:51,932 INFO o.a.j.s.FileServer: Default base='/Users/florina/code/qa_engineer'
2026-10-05 16:47:51,934 INFO o.a.j.s.FileServer: Set new base='/Users/florina/code/qa_engineer/performance'
2026-10-05 16:47:52,101 INFO o.a.j.s.SaveService: Testplan (JMX) version: 2.2. Testlog (JTL) version: 2.2
2026-10-05 16:47:52,471 INFO o.a.j.s.SaveService: Using SaveService properties version 5.0
2026-10-05 16:47:52,472 INFO o.a.j.s.SaveService: Using SaveService properties file encoding UTF-8
2026-10-05 16:47:52,474 INFO o.a.j.s.SaveService: Loading file: performance/submissions_load_test.jmx
2026-10-05 16:47:52,743 INFO o.a.j.p.h.s.HTTPSamplerBase: Parser for text/html is org.apache.jmeter.protocol.http.parser.LagartoBasedHtmlParser
2026-10-05 16:47:52,743 INFO o.a.j.p.h.s.HTTPSamplerBase: Parser for application/xhtml+xml is org.apache.jmeter.protocol.http.parser.LagartoBasedHtmlParser
2026-10-05 16:47:52,743 INFO o.a.j.p.h.s.HTTPSamplerBase: Parser for application/xml is org.apache.jmeter.protocol.http.parser.LagartoBasedHtmlParser
2026-10-05 16:47:52,743 INFO o.a.j.p.h.s.HTTPSamplerBase: Parser for text/xml is org.apache.jmeter.protocol.http.parser.LagartoBasedHtmlParser
2026-10-05 16:47:52,743 INFO o.a.j.p.h.s.HTTPSamplerBase: Parser for text/vnd.wap.wml is org.apache.jmeter.protocol.http.parser.RegexpHTMLParser
2026-10-05 16:47:52,743 INFO o.a.j.p.h.s.HTTPSamplerBase: Parser for text/css is org.apache.jmeter.protocol.http.parser.CssParser
2026-10-05 16:47:52,766 INFO o.a.j.JMeter: Creating summariser <summary>
2026-10-05 16:47:52,769 INFO o.a.j.r.d.ReportGenerator: ReportGenerator will use for Parsing the separator: ','
2026-10-05 16:47:52,769 INFO o.a.j.r.d.ReportGenerator: Will generate report at end of test from  results file: reports/perf.jtl
2026-10-05 16:47:52,769 INFO o.a.j.r.d.ReportGenerator: Reading report generator properties from: /opt/homebrew/Cellar/jmeter/5.6.3/libexec/bin/reportgenerator.properties
2026-10-05 16:47:52,773 INFO o.a.j.r.d.ReportGenerator: Merging with JMeter properties
2026-10-05 16:47:52,776 INFO o.a.j.r.c.ReportGeneratorConfiguration: Property 'jmeter.reportgenerator.temp_dir' not found, using default value 'temp' instead.
2026-10-05 16:47:52,777 INFO o.a.j.r.c.ReportGeneratorConfiguration: Property 'jmeter.reportgenerator.apdex_per_transaction' not found, using default value 'null' instead.
2026-10-05 16:47:52,777 INFO o.a.j.r.c.ReportGeneratorConfiguration: apdex_per_transaction is empty, not APDEX per transaction customization
2026-10-05 16:47:52,777 INFO o.a.j.r.c.ReportGeneratorConfiguration: Property 'jmeter.reportgenerator.sample_filter' not found, using default value 'null' instead.
2026-10-05 16:47:52,777 INFO o.a.j.r.c.ReportGeneratorConfiguration: Property 'jmeter.reportgenerator.report_title' not found, using default value 'null' instead.
2026-10-05 16:47:52,777 INFO o.a.j.r.c.ReportGeneratorConfiguration: Property 'jmeter.reportgenerator.start_date' not found, using default value 'null' instead.
2026-10-05 16:47:52,777 INFO o.a.j.r.c.ReportGeneratorConfiguration: Property 'jmeter.reportgenerator.end_date' not found, using default value 'null' instead.
2026-10-05 16:47:52,777 INFO o.a.j.r.c.ReportGeneratorConfiguration: Property 'jmeter.reportgenerator.date_format' not found, using default value 'null' instead.
2026-10-05 16:47:52,778 INFO o.a.j.r.c.ReportGeneratorConfiguration: Will use date range start date: null, end date: null
2026-10-05 16:47:52,780 INFO o.a.j.r.c.ReportGeneratorConfiguration: Property 'jmeter.reportgenerator.graph.totalTPS.exclude_controllers' not found, using default value 'false' instead.
2026-10-05 16:47:52,780 INFO o.a.j.r.c.ReportGeneratorConfiguration: Property 'jmeter.reportgenerator.graph.activeThreadsOverTime.exclude_controllers' not found, using default value 'false' instead.
2026-10-05 16:47:52,780 INFO o.a.j.r.c.ReportGeneratorConfiguration: Property 'jmeter.reportgenerator.graph.timeVsThreads.exclude_controllers' not found, using default value 'false' instead.
2026-10-05 16:47:52,780 INFO o.a.j.r.c.ReportGeneratorConfiguration: Property 'jmeter.reportgenerator.graph.responseTimeDistribution.exclude_controllers' not found, using default value 'false' instead.
2026-10-05 16:47:52,780 INFO o.a.j.r.c.ReportGeneratorConfiguration: Property 'jmeter.reportgenerator.graph.transactionsPerSecond.exclude_controllers' not found, using default value 'false' instead.
2026-10-05 16:47:52,780 INFO o.a.j.r.c.ReportGeneratorConfiguration: Property 'jmeter.reportgenerator.graph.responseTimePercentiles.exclude_controllers' not found, using default value 'false' instead.
2026-10-05 16:47:52,780 INFO o.a.j.r.c.ReportGeneratorConfiguration: Property 'jmeter.reportgenerator.graph.responseTimePercentilesOverTime.exclude_controllers' not found, using default value 'false' instead.
2026-10-05 16:47:52,780 INFO o.a.j.r.c.ReportGeneratorConfiguration: Property 'jmeter.reportgenerator.graph.responseTimesOverTime.exclude_controllers' not found, using default value 'false' instead.
2026-10-05 16:47:52,780 INFO o.a.j.r.c.ReportGeneratorConfiguration: Property 'jmeter.reportgenerator.graph.connectTimeOverTime.exclude_controllers' not found, using default value 'false' instead.
2026-10-05 16:47:52,780 INFO o.a.j.r.c.ReportGeneratorConfiguration: Property 'jmeter.reportgenerator.graph.latenciesOverTime.exclude_controllers' not found, using default value 'false' instead.
2026-10-05 16:47:52,781 INFO o.a.j.r.c.ReportGeneratorConfiguration: Property 'jmeter.reportgenerator.exporter.json.filters_only_sample_series' not found, using default value 'true' instead.
2026-10-05 16:47:52,781 INFO o.a.j.r.c.ReportGeneratorConfiguration: Property 'jmeter.reportgenerator.exporter.json.series_filter' not found, using default value '' instead.
2026-10-05 16:47:52,781 INFO o.a.j.r.c.ReportGeneratorConfiguration: Property 'jmeter.reportgenerator.exporter.json.show_controllers_only' not found, using default value 'false' instead.
2026-10-05 16:47:52,781 INFO o.a.j.r.c.ReportGeneratorConfiguration: Property 'jmeter.reportgenerator.exporter.html.filters_only_sample_series' not found, using default value 'true' instead.
2026-10-05 16:47:52,781 INFO o.a.j.r.c.ReportGeneratorConfiguration: Property 'jmeter.reportgenerator.exporter.html.series_filter' not found, using default value '' instead.
2026-10-05 16:47:52,781 INFO o.a.j.r.c.ReportGeneratorConfiguration: Property 'jmeter.reportgenerator.exporter.html.show_controllers_only' not found, using default value 'false' instead.
2026-10-05 16:47:52,789 INFO o.a.j.e.StandardJMeterEngine: Running the test!
2026-10-05 16:47:52,789 INFO o.a.j.s.SampleEvent: List of sample_variables: []
2026-10-05 16:47:52,789 INFO o.a.j.s.SampleEvent: List of sample_variables: []
2026-10-05 16:47:52,792 INFO o.a.j.e.u.CompoundVariable: Note: Function class names must contain the string: '.functions.'
2026-10-05 16:47:52,792 INFO o.a.j.e.u.CompoundVariable: Note: Function class names must not contain the string: '.gui.'
2026-10-05 16:47:52,828 INFO o.a.j.r.ClassFinder: Will scan jar /opt/homebrew/Cellar/jmeter/5.6.3/libexec/lib/ext/jmeter-plugins-manager-1.9.jar with filter ExtendsClassFilter [parents=[interface org.apache.jmeter.functions.Function], inner=false, contains=null, notContains=null]. Consider exposing JMeter plugins via META-INF/services, and add JMeter-Skip-Class-Scanning=true manifest attribute so JMeter can skip classfile scanning
2026-10-05 16:47:52,893 INFO o.a.j.JMeter: Running test (1791215272892)
2026-10-05 16:47:52,903 INFO o.a.j.e.StandardJMeterEngine: Starting ThreadGroup: 1 : Submitters
2026-10-05 16:47:52,903 INFO o.a.j.e.StandardJMeterEngine: Starting 10 threads for group Submitters.
2026-10-05 16:47:52,903 INFO o.a.j.e.StandardJMeterEngine: Thread will continue on error
2026-10-05 16:47:52,903 INFO o.a.j.t.ThreadGroup: Starting thread group... number=1 threads=10 ramp-up=5 delayedStart=false
2026-10-05 16:47:52,907 INFO o.a.j.t.JMeterThread: Thread started: Submitters 1-1
2026-10-05 16:47:52,909 INFO o.a.j.t.ThreadGroup: Started thread group number 1
2026-10-05 16:47:52,909 INFO o.a.j.e.StandardJMeterEngine: All thread groups have been started
2026-10-05 16:47:53,138 INFO o.a.j.p.h.s.HTTPHCAbstractImpl: Local host = Florinas-MacBook-Pro-2.local
2026-10-05 16:47:53,144 INFO o.a.j.p.h.s.HTTPHC4Impl: HTTP request retry count = 0
2026-10-05 16:47:53,146 INFO o.a.j.s.SampleResult: Note: Sample TimeStamps are START times
2026-10-05 16:47:53,146 INFO o.a.j.s.SampleResult: sampleresult.default.encoding is set to UTF-8
2026-10-05 16:47:53,146 INFO o.a.j.s.SampleResult: sampleresult.useNanoTime=true
2026-10-05 16:47:53,146 INFO o.a.j.s.SampleResult: sampleresult.nanoThreadSleep=5000
2026-10-05 16:47:53,407 INFO o.a.j.t.JMeterThread: Thread started: Submitters 1-2
2026-10-05 16:47:53,909 INFO o.a.j.t.JMeterThread: Thread started: Submitters 1-3
2026-10-05 16:47:54,408 INFO o.a.j.t.JMeterThread: Thread started: Submitters 1-4
2026-10-05 16:47:54,908 INFO o.a.j.t.JMeterThread: Thread started: Submitters 1-5
2026-10-05 16:47:55,408 INFO o.a.j.t.JMeterThread: Thread started: Submitters 1-6
2026-10-05 16:47:55,909 INFO o.a.j.t.JMeterThread: Thread started: Submitters 1-7
2026-10-05 16:47:56,407 INFO o.a.j.t.JMeterThread: Thread started: Submitters 1-8
2026-10-05 16:47:56,907 INFO o.a.j.t.JMeterThread: Thread started: Submitters 1-9
2026-10-05 16:47:57,407 INFO o.a.j.t.JMeterThread: Thread started: Submitters 1-10
2026-10-05 16:48:00,081 INFO o.a.j.r.Summariser: summary +    228 in 00:00:07 =   31.7/s Avg:     3 Min:     1 Max:    26 Err:     0 (0.00%) Active: 10 Started: 10 Finished: 0
2026-10-05 16:48:04,746 INFO o.a.j.t.JMeterThread: Thread finished: Submitters 1-6
2026-10-05 16:48:04,882 INFO o.a.j.t.JMeterThread: Thread finished: Submitters 1-1
2026-10-05 16:48:04,882 INFO o.a.j.t.JMeterThread: Thread finished: Submitters 1-5
2026-10-05 16:48:04,884 INFO o.a.j.t.JMeterThread: Thread finished: Submitters 1-2
2026-10-05 16:48:04,887 INFO o.a.j.t.JMeterThread: Thread finished: Submitters 1-7
2026-10-05 16:48:04,889 INFO o.a.j.t.JMeterThread: Thread finished: Submitters 1-4
2026-10-05 16:48:04,890 INFO o.a.j.t.JMeterThread: Thread finished: Submitters 1-10
2026-10-05 16:48:04,891 INFO o.a.j.t.JMeterThread: Thread finished: Submitters 1-9
2026-10-05 16:48:04,904 INFO o.a.j.t.JMeterThread: Thread finished: Submitters 1-8
2026-10-05 16:48:04,905 INFO o.a.j.t.JMeterThread: Thread finished: Submitters 1-3
2026-10-05 16:48:04,905 INFO o.a.j.e.StandardJMeterEngine: Notifying test listeners of end of test
2026-10-05 16:48:04,907 INFO o.a.j.r.Summariser: summary +    238 in 00:00:05 =   49.3/s Avg:     3 Min:     1 Max:    13 Err:     0 (0.00%) Active: 0 Started: 10 Finished: 10
2026-10-05 16:48:04,907 INFO o.a.j.r.Summariser: summary =    466 in 00:00:12 =   38.8/s Avg:     3 Min:     1 Max:    26 Err:     0 (0.00%)
2026-10-05 16:48:04,908 INFO o.a.j.JMeter: Generating Dashboard
2026-10-05 16:48:04,909 INFO o.a.j.r.d.ReportGenerator: Flushing result collector before report Generation
2026-10-05 16:48:04,966 INFO o.a.j.r.p.NormalizerSampleConsumer: Using format, 'ms', to parse timeStamp field
2026-10-05 16:48:05,023 INFO o.a.j.r.p.AbstractSampleConsumer: class org.apache.jmeter.report.processor.AggregateConsumer#stopProducing(): beginDate produced 0 samples
2026-10-05 16:48:05,023 INFO o.a.j.r.p.AbstractSampleConsumer: class org.apache.jmeter.report.processor.AggregateConsumer#stopProducing(): endDate produced 0 samples
2026-10-05 16:48:05,025 INFO o.a.j.r.p.AbstractSampleConsumer: class org.apache.jmeter.report.processor.ApdexSummaryConsumer#stopProducing(): apdexSummary produced 0 samples
2026-10-05 16:48:05,025 INFO o.a.j.r.p.AbstractSampleConsumer: class org.apache.jmeter.report.processor.RequestsSummaryConsumer#stopProducing(): requestsSummary produced 0 samples
2026-10-05 16:48:05,028 INFO o.a.j.r.p.AbstractSampleConsumer: class org.apache.jmeter.report.processor.StatisticsSummaryConsumer#stopProducing(): statisticsSummary produced 0 samples
2026-10-05 16:48:05,030 INFO o.a.j.r.p.AbstractSampleConsumer: class org.apache.jmeter.report.processor.Top5ErrorsBySamplerConsumer#stopProducing(): top5ErrorsBySampler produced 0 samples
2026-10-05 16:48:05,030 INFO o.a.j.r.p.AbstractSampleConsumer: class org.apache.jmeter.report.processor.ErrorsSummaryConsumer#stopProducing(): errorsSummary produced 0 samples
2026-10-05 16:48:05,030 INFO o.a.j.r.p.AbstractSampleConsumer: class org.apache.jmeter.report.processor.graph.impl.HitsPerSecondGraphConsumer#stopProducing(): hitsPerSecond produced 0 samples
2026-10-05 16:48:05,049 INFO o.a.j.r.p.AbstractSampleConsumer: class org.apache.jmeter.report.processor.graph.impl.LatencyVSRequestGraphConsumer#stopProducing(): latencyVsRequest produced 0 samples
2026-10-05 16:48:05,049 INFO o.a.j.r.p.AbstractSampleConsumer: class org.apache.jmeter.report.processor.graph.impl.SyntheticResponseTimeDistributionGraphConsumer#stopProducing(): syntheticResponseTimeDistribution produced 0 samples
2026-10-05 16:48:05,049 INFO o.a.j.r.p.AbstractSampleConsumer: class org.apache.jmeter.report.processor.graph.impl.BytesThroughputGraphConsumer#stopProducing(): bytesThroughputOverTime produced 0 samples
2026-10-05 16:48:05,049 INFO o.a.j.r.p.AbstractSampleConsumer: class org.apache.jmeter.report.processor.graph.impl.CodesPerSecondGraphConsumer#stopProducing(): codesPerSecond produced 0 samples
2026-10-05 16:48:05,060 INFO o.a.j.r.p.AbstractSampleConsumer: class org.apache.jmeter.report.processor.graph.impl.ResponseTimeVSRequestGraphConsumer#stopProducing(): responseTimeVsRequest produced 0 samples
2026-10-05 16:48:05,061 INFO o.a.j.r.p.AbstractSampleConsumer: class org.apache.jmeter.report.processor.FilterConsumer#stopProducing(): startIntervalControlerFilter produced 3262 samples
2026-10-05 16:48:05,061 INFO o.a.j.r.p.AbstractSampleConsumer: class org.apache.jmeter.report.processor.graph.impl.TotalTPSGraphConsumer#stopProducing(): totalTPS produced 0 samples
2026-10-05 16:48:05,061 INFO o.a.j.r.p.AbstractSampleConsumer: class org.apache.jmeter.report.processor.graph.impl.ActiveThreadsGraphConsumer#stopProducing(): activeThreadsOverTime produced 0 samples
2026-10-05 16:48:05,061 INFO o.a.j.r.p.AbstractSampleConsumer: class org.apache.jmeter.report.processor.graph.impl.TimeVSThreadGraphConsumer#stopProducing(): timeVsThreads produced 0 samples
2026-10-05 16:48:05,061 INFO o.a.j.r.p.AbstractSampleConsumer: class org.apache.jmeter.report.processor.graph.impl.ResponseTimeDistributionGraphConsumer#stopProducing(): responseTimeDistribution produced 0 samples
2026-10-05 16:48:05,061 INFO o.a.j.r.p.AbstractSampleConsumer: class org.apache.jmeter.report.processor.graph.impl.TransactionsPerSecondGraphConsumer#stopProducing(): transactionsPerSecond produced 0 samples
2026-10-05 16:48:05,061 INFO o.a.j.r.p.AbstractSampleConsumer: class org.apache.jmeter.report.processor.graph.impl.ResponseTimePercentilesGraphConsumer#stopProducing(): responseTimePercentiles produced 0 samples
2026-10-05 16:48:05,062 INFO o.a.j.r.p.AbstractSampleConsumer: class org.apache.jmeter.report.processor.graph.impl.ResponseTimePercentilesOverTimeGraphConsumer#stopProducing(): responseTimePercentilesOverTime produced 0 samples
2026-10-05 16:48:05,062 INFO o.a.j.r.p.AbstractSampleConsumer: class org.apache.jmeter.report.processor.graph.impl.ResponseTimeOverTimeGraphConsumer#stopProducing(): responseTimesOverTime produced 0 samples
2026-10-05 16:48:05,062 INFO o.a.j.r.p.AbstractSampleConsumer: class org.apache.jmeter.report.processor.graph.impl.ConnectTimeOverTimeGraphConsumer#stopProducing(): connectTimeOverTime produced 0 samples
2026-10-05 16:48:05,062 INFO o.a.j.r.p.AbstractSampleConsumer: class org.apache.jmeter.report.processor.graph.impl.LatencyOverTimeGraphConsumer#stopProducing(): latenciesOverTime produced 0 samples
2026-10-05 16:48:05,062 INFO o.a.j.r.p.AbstractSampleConsumer: class org.apache.jmeter.report.processor.FilterConsumer#stopProducing(): nameFilter produced 6990 samples
2026-10-05 16:48:05,062 INFO o.a.j.r.p.AbstractSampleConsumer: class org.apache.jmeter.report.processor.FilterConsumer#stopProducing(): dateRangeFilter produced 1398 samples
2026-10-05 16:48:05,062 INFO o.a.j.r.p.AbstractSampleConsumer: class org.apache.jmeter.report.processor.NormalizerSampleConsumer#stopProducing(): normalizer produced 466 samples
2026-10-05 16:48:05,062 INFO o.a.j.r.p.CsvFileSampleSource: produce(): 466 samples produced in 82ms on channel 0
2026-10-05 16:48:05,062 INFO o.a.j.r.d.ReportGenerator: Exporting data using exporter:'json' of className:'org.apache.jmeter.report.dashboard.JsonExporter'
2026-10-05 16:48:05,121 INFO o.a.j.r.d.JsonExporter: Found data for consumer statisticsSummary in context
2026-10-05 16:48:05,121 INFO o.a.j.r.d.JsonExporter: Creating statistics for overall
2026-10-05 16:48:05,121 INFO o.a.j.r.d.JsonExporter: Creating statistics for other transactions
2026-10-05 16:48:05,122 INFO o.a.j.r.d.JsonExporter: Checking output folder
2026-10-05 16:48:05,122 INFO o.a.j.r.d.JsonExporter: Writing statistics JSON to /Users/florina/code/qa_engineer/reports/perf-html/statistics.json
2026-10-05 16:48:05,145 INFO o.a.j.r.d.ReportGenerator: Exporting data using exporter:'html' of className:'org.apache.jmeter.report.dashboard.HtmlTemplateExporter'
2026-10-05 16:48:05,146 INFO o.a.j.r.d.HtmlTemplateExporter: Will generate dashboard in folder: /Users/florina/code/qa_engineer/reports/perf-html
2026-10-05 16:48:05,205 INFO o.a.j.r.d.HtmlTemplateExporter: Report will be generated in: /Users/florina/code/qa_engineer/reports/perf-html, creating folder structure
2026-10-05 16:48:05,207 INFO o.a.j.r.d.TemplateVisitor: Copying folder from '/opt/homebrew/Cellar/jmeter/5.6.3/libexec/bin/report-template' to '/Users/florina/code/qa_engineer/reports/perf-html', got message: /Users/florina/code/qa_engineer/reports/perf-html, found non empty folder with following content [/Users/florina/code/qa_engineer/reports/perf-html/statistics.json], will be ignored
2026-10-05 16:48:06,571 INFO o.a.j.JMeter: Dashboard generated
